src/features/professor/components/RagEditor.tsx(156,45): error TS2339: Property 'imagenUrl' does not exist on type '{ titulo: string; descripcion: string; }'.
src/features/professor/components/RagEditor.tsx(292,65): error TS2339: Property 'imagenUrl' does not exist on type '{ titulo: string; descripcion: string; }'.
src/features/professor/components/RagEditor.tsx(296,55): error TS2339: Property 'imagenUrl' does not exist on type '{ titulo: string; descripcion: string; }'.
src/features/professor/components/RagEditor.tsx(308,47): error TS2339: Property 'imagenUrl' does not exist on type '{ titulo: string; descripcion: string; }'.
src/features/professor/components/RagEditor.tsx(310,64): error TS2339: Property 'imagenUrl' does not exist on type '{ titulo: string; descripcion: string; }'.
src/features/professor/components/RagEditor.tsx(315,73): error TS2339: Property 'imagenUrl' does not exist on type '{ titulo: string; descripcion: string; }'.
