src/features/professor/components/CourseEditor.tsx(2,26): error TS2307: Cannot find module '@/features/professor/services/professor.api' or its corresponding type declarations.
src/features/professor/components/CourseEditor.tsx(4,24): error TS2307: Cannot find module '@/components/ui/button' or its corresponding type declarations.
src/features/professor/components/CourseEditor.tsx(5,23): error TS2307: Cannot find module '@/components/ui/input' or its corresponding type declarations.
src/features/professor/components/CourseEditor.tsx(6,23): error TS2307: Cannot find module '@/components/ui/label' or its corresponding type declarations.
src/features/professor/components/CourseEditor.tsx(7,26): error TS2307: Cannot find module '@/components/ui/textarea' or its corresponding type declarations.
src/features/professor/components/CourseEditor.tsx(8,58): error TS2307: Cannot find module '@/components/ui/card' or its corresponding type declarations.
src/features/professor/components/CourseEditor.tsx(9,95): error TS2307: Cannot find module '@/components/ui/dialog' or its corresponding type declarations.
src/features/professor/components/CourseEditor.tsx(10,79): error TS2307: Cannot find module '@/components/ui/select' or its corresponding type declarations.
src/features/professor/components/CourseEditor.tsx(11,58): error TS2307: Cannot find module '@/components/ui/tabs' or its corresponding type declarations.
src/features/professor/components/CourseEditor.tsx(13,23): error TS2307: Cannot find module '@/hooks/use-toast' or its corresponding type declarations.
src/features/professor/components/HaEditor.tsx(3,24): error TS2307: Cannot find module '@/components/ui/button' or its corresponding type declarations.
src/features/professor/components/HaEditor.tsx(4,23): error TS2307: Cannot find module '@/components/ui/input' or its corresponding type declarations.
src/features/professor/components/HaEditor.tsx(5,26): error TS2307: Cannot find module '@/components/ui/textarea' or its corresponding type declarations.
src/features/professor/components/HaEditor.tsx(6,58): error TS2307: Cannot find module '@/components/ui/card' or its corresponding type declarations.
src/features/professor/components/HaEditor.tsx(7,23): error TS2307: Cannot find module '@/components/ui/label' or its corresponding type declarations.
src/features/professor/components/HaEditor.tsx(8,28): error TS2307: Cannot find module '@/components/ui/scroll-area' or its corresponding type declarations.
src/features/professor/components/HaEditor.tsx(9,27): error TS2307: Cannot find module '@/components/ui/separator' or its corresponding type declarations.
src/features/professor/components/HaEditor.tsx(11,26): error TS2307: Cannot find module '@/features/professor/services/professor.api' or its corresponding type declarations.
src/features/professor/components/HaEditor.tsx(12,23): error TS2307: Cannot find module '@/hooks/use-toast' or its corresponding type declarations.
src/features/professor/components/RagEditor.tsx(3,24): error TS2307: Cannot find module '@/components/ui/button' or its corresponding type declarations.
src/features/professor/components/RagEditor.tsx(4,23): error TS2307: Cannot find module '@/components/ui/input' or its corresponding type declarations.
src/features/professor/components/RagEditor.tsx(5,26): error TS2307: Cannot find module '@/components/ui/textarea' or its corresponding type declarations.
src/features/professor/components/RagEditor.tsx(6,75): error TS2307: Cannot find module '@/components/ui/card' or its corresponding type declarations.
src/features/professor/components/RagEditor.tsx(7,23): error TS2307: Cannot find module '@/components/ui/label' or its corresponding type declarations.
src/features/professor/components/RagEditor.tsx(8,58): error TS2307: Cannot find module '@/components/ui/tabs' or its corresponding type declarations.
src/features/professor/components/RagEditor.tsx(9,28): error TS2307: Cannot find module '@/components/ui/scroll-area' or its corresponding type declarations.
src/features/professor/components/RagEditor.tsx(10,27): error TS2307: Cannot find module '@/components/ui/separator' or its corresponding type declarations.
src/features/professor/components/RagEditor.tsx(12,26): error TS2307: Cannot find module '@/features/professor/services/professor.api' or its corresponding type declarations.
src/features/professor/components/RagEditor.tsx(13,23): error TS2307: Cannot find module '@/hooks/use-toast' or its corresponding type declarations.
