src/features/student/components/WorldSelector.tsx(369,45): error TS2304: Cannot find name 'user'.
