
> backend@0.0.1 build
> nest build

npm : [96msrc/module
s/professor/professor
.controller.ts[0m:[
93m4[0m:[93m29[0m 
- 
[91merror[0m[90m 
TS7016: [0mCould 
not find a 
declaration file for 
module 'multer'. 'C:/
Users/OSCURIDAD/Deskt
op/Edu-Connect/backen
d/node_modules/multer
/index.js' 
implicitly has an 
'any' type.
En línea: 1 
Carácter: 1
+ npm run build > 
build_errors.txt 2>&1
+ ~~~~~~~~~~~~~~~~~~~
~~~~~~~~~~~~~~~~~~
    + CategoryInfo   
           : NotSpe  
  cified: ([96msr   
 c/module... an '    
any' type.:Strin    
g) [], RemoteExc    
eption
    + FullyQualified 
   ErrorId : Native  
  CommandError
 
  Try `npm i 
--save-dev 
@types/multer` if it 
exists or add a new 
declaration (.d.ts) 
file containing 
`declare module 
'multer';`

[7m4[0m import { 
diskStorage } from 
'multer';
[7m [0m [91m      
                     
 ~~~~~~~~[0m
[96msrc/modules/prof
essor/professor.contr
oller.ts[0m:[93m8[
0m:[93m23[0m - 
[91merror[0m[90m 
TS7006: 
[0mParameter 'req' 
implicitly has an 
'any' type.

[7m8[0m const 
editFileName = (req, 
file, callback) => {
[7m [0m [91m      
                
~~~[0m
[96msrc/modules/prof
essor/professor.contr
oller.ts[0m:[93m8[
0m:[93m28[0m - 
[91merror[0m[90m 
TS7006: 
[0mParameter 'file' 
implicitly has an 
'any' type.

[7m8[0m const 
editFileName = (req, 
file, callback) => {
[7m [0m [91m      
                     
~~~~[0m
[96msrc/modules/prof
essor/professor.contr
oller.ts[0m:[93m8[
0m:[93m34[0m - 
[91merror[0m[90m 
TS7006: 
[0mParameter 
'callback' 
implicitly has an 
'any' type.

[7m8[0m const 
editFileName = (req, 
file, callback) => {
[7m [0m [91m      
                     
      ~~~~~~~~[0m

Found 4 error(s).

